// Jest Snapshot v1, https://goo.gl/fbAQLP

exports[`EntraInAzione Component dovrebbe avere gli stili corretti per i gradient borders 1`] = `
<View
  style={
    {
      "marginHorizontal": 12.68706086776019,
      "padding": 25.37412173552038,
    }
  }
>
  <View
    style={
      {
        "alignItems": "center",
        "marginBottom": 25.37412173552038,
        "marginTop": 6.343530433880095,
      }
    }
  >
    <Text
      accessibilityRole="header"
      adjustsFontSizeToFit={false}
      allowFontScaling={false}
      lineBreakMode="clip"
      maxFontSizeMultiplier={1}
      minimumFontScale={1}
      numberOfLines={1}
      style={
        {
          "color": "#DC2626",
          "fontFamily": "System",
          "fontSize": 44.07614088569664,
          "fontWeight": "900",
          "includeFontPadding": false,
          "lineHeight": 52.89136906283596,
          "textAlign": "center",
          "textAlignVertical": "center",
          "textShadowColor": "rgba(255, 30, 0, 0.2)",
          "textShadowOffset": {
            "height": 3,
            "width": 0,
          },
          "textShadowRadius": 8,
        }
      }
      testID="action-title"
      textBreakStrategy="simple"
    >
      ⚡ Entra in Azione
    </Text>
  </View>
  <View
    accessibilityRole="summary"
    style={
      {
        "backgroundColor": "#FFFFFF",
        "borderColor": "#E5E5E5",
        "borderLeftColor": "#171717",
        "borderLeftWidth": 5.037273244079616,
        "borderRadius": 24,
        "borderWidth": 1.259318311019904,
        "marginBottom": 10.074546488159232,
        "marginTop": 20.149092976318464,
        "paddingHorizontal": 20.149092976318464,
        "paddingVertical": 20.149092976318464,
        "width": "100%",
      }
    }
    testID="action-description-card"
  >
    <View
      style={
        {
          "alignSelf": "center",
          "width": 346.43846736157553,
        }
      }
    >
      <Text
        accessibilityRole="text"
        adjustsFontSizeToFit={false}
        allowFontScaling={false}
        lineBreakMode="clip"
        maxFontSizeMultiplier={1}
        minimumFontScale={1}
        numberOfLines={3}
        style={
          {
            "color": "#171717",
            "fontFamily": "System",
            "fontSize": 25.186366220398078,
            "fontWeight": "700",
            "includeFontPadding": false,
            "lineHeight": 30.223639464477692,
            "marginBottom": 5.037273244079616,
            "textAlign": "center",
            "textAlignVertical": "center",
          }
        }
        testID="action-description-main"
        textBreakStrategy="simple"
      >
        Unisciti a noi nella lotta contro la fame nel mondo
      </Text>
    </View>
    <View
      style={
        {
          "alignSelf": "center",
          "backgroundColor": "#F5F5F5",
          "borderRadius": 9999,
          "height": 2.518636622039808,
          "marginVertical": 5.037273244079616,
          "width": "65%",
        }
      }
    />
    <View
      style={
        {
          "alignSelf": "center",
          "width": 346.43846736157553,
        }
      }
    >
      <Text
        accessibilityRole="text"
        adjustsFontSizeToFit={false}
        allowFontScaling={false}
        lineBreakMode="clip"
        maxFontSizeMultiplier={1}
        minimumFontScale={1}
        numberOfLines={3}
        style={
          {
            "color": "#525252",
            "fontFamily": "System",
            "fontSize": 20.149092976318464,
            "fontWeight": "400",
            "includeFontPadding": false,
            "lineHeight": 22.66772959835827,
            "textAlign": "center",
            "textAlignVertical": "center",
          }
        }
        testID="action-description-sub"
        textBreakStrategy="simple"
      >
        Ogni azione conta per cambiare vite
      </Text>
    </View>
  </View>
  <View
    style={
      {
        "flexDirection": "row",
        "gap": 25.37412173552038,
        "marginVertical": 25.37412173552038,
      }
    }
    testID="home-cta-section"
  >
    <View
      accessibilityHint="Apre la sezione Impatto"
      accessibilityLabel="Scopri il nostro impatto"
      accessibilityRole="button"
      accessibilityState={
        {
          "busy": undefined,
          "checked": undefined,
          "disabled": false,
          "expanded": undefined,
          "selected": undefined,
        }
      }
      accessibilityValue={
        {
          "max": undefined,
          "min": undefined,
          "now": undefined,
          "text": undefined,
        }
      }
      accessible={true}
      collapsable={false}
      focusable={true}
      hitSlop={
        {
          "bottom": 8,
          "left": 8,
          "right": 8,
          "top": 8,
        }
      }
      onClick={[Function]}
      onResponderGrant={[Function]}
      onResponderMove={[Function]}
      onResponderRelease={[Function]}
      onResponderTerminate={[Function]}
      onResponderTerminationRequest={[Function]}
      onStartShouldSetResponder={[Function]}
      style={
        {
          "flex": 1,
          "opacity": 1,
        }
      }
      testID="cta-impact"
    >
      <LinearGradient
        colors={
          [
            "#DC2626",
            "#B91C1C",
          ]
        }
        end={
          {
            "x": 1,
            "y": 1,
          }
        }
        start={
          {
            "x": 0,
            "y": 0,
          }
        }
        style={
          {
            "borderRadius": 24,
            "padding": 3.777954933059712,
          }
        }
      >
        <View
          style={
            {
              "alignItems": "center",
              "backgroundColor": "#FFFFFF",
              "borderRadius": 20.22204506694029,
              "flex": 1,
              "justifyContent": "space-between",
              "minHeight": 132.2284226570899,
              "paddingHorizontal": 15.111819732238848,
              "paddingVertical": 10.074546488159232,
            }
          }
        >
          <MaterialCommunityIcons
            color="#DC2626"
            name="chart-line"
            size={37.77954933059712}
          />
          <View
            style={
              {
                "alignSelf": "center",
                "width": 346.43846736157553,
              }
            }
          >
            <Text
              adjustsFontSizeToFit={false}
              allowFontScaling={false}
              lineBreakMode="clip"
              maxFontSizeMultiplier={1}
              minimumFontScale={1}
              numberOfLines={2}
              style={
                {
                  "color": "#DC2626",
                  "fontFamily": "System",
                  "fontSize": 27.70500284243789,
                  "fontWeight": "700",
                  "includeFontPadding": false,
                  "lineHeight": 33.24600341092547,
                  "marginVertical": 5.037273244079616,
                  "textAlign": "center",
                  "textAlignVertical": "center",
                }
              }
              testID="cta-impact-label"
              textBreakStrategy="simple"
            >
              Scopri Impatto
            </Text>
          </View>
          <View
            style={
              {
                "alignItems": "center",
                "marginTop": 10.074546488159232,
                "paddingHorizontal": 5.037273244079616,
                "width": "100%",
              }
            }
          >
            <View
              style={
                {
                  "backgroundColor": "#F5F5F5",
                  "borderRadius": 999,
                  "height": 1.888977466529856,
                  "marginBottom": 10.074546488159232,
                  "width": "70%",
                }
              }
            />
            <View
              style={
                {
                  "alignItems": "center",
                  "flexDirection": "row",
                  "gap": 5.037273244079616,
                  "justifyContent": "center",
                }
              }
            >
              <MaterialCommunityIcons
                color="#DC2626"
                name="arrow-left"
                size={24}
              />
              <Text
                adjustsFontSizeToFit={false}
                allowFontScaling={false}
                lineBreakMode="clip"
                maxFontSizeMultiplier={1}
                minimumFontScale={1}
                numberOfLines={1}
                style={
                  {
                    "color": "#DC2626",
                    "fontFamily": "System",
                    "fontSize": 22.66772959835827,
                    "fontWeight": "700",
                    "includeFontPadding": false,
                    "lineHeight": 27.201275518029924,
                    "textAlign": "center",
                    "textAlignVertical": "center",
                  }
                }
                testID="cta-impact-sub"
                textBreakStrategy="simple"
              >
                Risultati
              </Text>
            </View>
          </View>
        </View>
      </LinearGradient>
    </View>
    <View
      accessibilityHint="Apre la sezione Azioni"
      accessibilityLabel="Dona e aiuta"
      accessibilityRole="button"
      accessibilityState={
        {
          "busy": undefined,
          "checked": undefined,
          "disabled": false,
          "expanded": undefined,
          "selected": undefined,
        }
      }
      accessibilityValue={
        {
          "max": undefined,
          "min": undefined,
          "now": undefined,
          "text": undefined,
        }
      }
      accessible={true}
      collapsable={false}
      focusable={true}
      hitSlop={
        {
          "bottom": 8,
          "left": 8,
          "right": 8,
          "top": 8,
        }
      }
      onClick={[Function]}
      onResponderGrant={[Function]}
      onResponderMove={[Function]}
      onResponderRelease={[Function]}
      onResponderTerminate={[Function]}
      onResponderTerminationRequest={[Function]}
      onStartShouldSetResponder={[Function]}
      style={
        {
          "flex": 1,
          "opacity": 1,
        }
      }
      testID="cta-donate"
    >
      <LinearGradient
        colors={
          [
            "#059669",
            "#10B981",
            "#047857",
          ]
        }
        end={
          {
            "x": 1,
            "y": 1,
          }
        }
        start={
          {
            "x": 0,
            "y": 0,
          }
        }
        style={
          {
            "borderRadius": 24,
            "padding": 3.777954933059712,
          }
        }
      >
        <View
          style={
            {
              "alignItems": "center",
              "backgroundColor": "#FFFFFF",
              "borderRadius": 20.22204506694029,
              "flex": 1,
              "justifyContent": "space-between",
              "minHeight": 132.2284226570899,
              "paddingHorizontal": 15.111819732238848,
              "paddingVertical": 10.074546488159232,
            }
          }
        >
          <MaterialCommunityIcons
            color="#10B981"
            name="hand-heart"
            size={37.77954933059712}
          />
          <View
            style={
              {
                "alignSelf": "center",
                "width": 346.43846736157553,
              }
            }
          >
            <Text
              adjustsFontSizeToFit={false}
              allowFontScaling={false}
              lineBreakMode="clip"
              maxFontSizeMultiplier={1}
              minimumFontScale={1}
              numberOfLines={2}
              style={
                {
                  "color": "#10B981",
                  "fontFamily": "System",
                  "fontSize": 27.70500284243789,
                  "fontWeight": "700",
                  "includeFontPadding": false,
                  "lineHeight": 33.24600341092547,
                  "marginVertical": 5.037273244079616,
                  "textAlign": "center",
                  "textAlignVertical": "center",
                }
              }
              testID="cta-donate-label"
              textBreakStrategy="simple"
            >
              Dona e Aiuta
            </Text>
          </View>
          <View
            style={
              {
                "alignItems": "center",
                "marginTop": 10.074546488159232,
                "paddingHorizontal": 5.037273244079616,
                "width": "100%",
              }
            }
          >
            <View
              style={
                {
                  "backgroundColor": "#F5F5F5",
                  "borderRadius": 999,
                  "height": 1.888977466529856,
                  "marginBottom": 10.074546488159232,
                  "width": "70%",
                }
              }
            />
            <View
              style={
                {
                  "alignItems": "center",
                  "flexDirection": "row",
                  "gap": 5.037273244079616,
                  "justifyContent": "center",
                }
              }
            >
              <Text
                adjustsFontSizeToFit={false}
                allowFontScaling={false}
                lineBreakMode="clip"
                maxFontSizeMultiplier={1}
                minimumFontScale={1}
                numberOfLines={1}
                style={
                  {
                    "color": "#10B981",
                    "fontFamily": "System",
                    "fontSize": 22.66772959835827,
                    "fontWeight": "700",
                    "includeFontPadding": false,
                    "lineHeight": 27.201275518029924,
                    "textAlign": "center",
                    "textAlignVertical": "center",
                  }
                }
                testID="cta-donate-sub"
                textBreakStrategy="simple"
              >
                Supporta
              </Text>
              <MaterialCommunityIcons
                color="#10B981"
                name="arrow-right"
                size={24}
              />
            </View>
          </View>
        </View>
      </LinearGradient>
    </View>
  </View>
</View>
`;
