// Jest Snapshot v1, https://goo.gl/fbAQLP

exports[`MapSection Component dovrebbe avere il gradient overlay corretto 1`] = `
<View
  style={
    {
      "marginTop": 36,
      "paddingHorizontal": 24,
    }
  }
>
  <View
    style={
      {
        "alignItems": "center",
        "marginBottom": 36,
      }
    }
  >
    <View
      style={
        {
          "alignSelf": "stretch",
          "backgroundColor": "#FFFFFF",
          "borderColor": "#E5E5E5",
          "borderRadius": 26.096976587728204,
          "borderWidth": 1.6310610367330127,
          "paddingHorizontal": 36,
          "paddingVertical": 24,
        }
      }
    >
      <Text
        fontWeight="700"
        immunity={true}
        lines={1}
        size={22}
        style={
          {
            "color": "#171717",
            "includeFontPadding": false,
            "letterSpacing": 0,
            "textAlign": "center",
          }
        }
      >
        🌍 Dove Operiamo
      </Text>
      <Text
        immunity={true}
        lines={2}
        size={16}
        style={
          {
            "color": "#404040",
            "letterSpacing": 0,
            "marginTop": 12,
            "opacity": 0.8,
            "textAlign": "center",
          }
        }
      >
        Le nostre operazioni nel mondo
      </Text>
    </View>
  </View>
  <View
    accessibilityState={
      {
        "busy": undefined,
        "checked": undefined,
        "disabled": undefined,
        "expanded": undefined,
        "selected": undefined,
      }
    }
    accessibilityValue={
      {
        "max": undefined,
        "min": undefined,
        "now": undefined,
        "text": undefined,
      }
    }
    accessible={true}
    collapsable={false}
    focusable={true}
    onClick={[Function]}
    onResponderGrant={[Function]}
    onResponderMove={[Function]}
    onResponderRelease={[Function]}
    onResponderTerminate={[Function]}
    onResponderTerminationRequest={[Function]}
    onStartShouldSetResponder={[Function]}
    style={
      {
        "backgroundColor": "#FFFFFF",
        "borderRadius": 24,
        "elevation": 4,
        "height": 544,
        "marginHorizontal": 0,
        "marginTop": 24,
        "opacity": 1,
        "overflow": "hidden",
        "padding": 0,
        "position": "relative",
        "shadowColor": "#000",
        "shadowOffset": {
          "height": 4,
          "width": 0,
        },
        "shadowOpacity": 0.15,
        "shadowRadius": 8,
      }
    }
  >
    <Image
      absoluteDimensions={true}
      borderRadius={20}
      height={544}
      source={
        {
          "testUri": "../../../assets/images/mappa.png",
        }
      }
      width={702}
    />
    <View
      style={
        {
          "alignItems": "center",
          "backgroundColor": "#FAFAFA",
          "borderRadius": 18,
          "elevation": 8,
          "flexDirection": "row",
          "gap": 6,
          "paddingHorizontal": 12,
          "paddingVertical": 6,
          "position": "absolute",
          "right": 12,
          "top": 12,
          "zIndex": 2,
        }
      }
    >
      <Text
        fontWeight="500"
        immunity={true}
        lines={1}
        size={12}
        style={
          {
            "color": "#525252",
          }
        }
      >
        Tocca per esplorare
      </Text>
      <Text
        color="#525252"
        maxSize={32}
        minSize={24}
        size={28}
      >
        map-search
      </Text>
    </View>
  </View>
</View>
`;
