// Jest Snapshot v1, https://goo.gl/fbAQLP

exports[`HomeScreen - Integration Test dovrebbe avere gradient background 1`] = `
<View
  accessibilityLabel="Schermata Home"
  edges={
    [
      "top",
      "bottom",
    ]
  }
  style={
    {
      "backgroundColor": "#FFFFFF",
      "flex": 1,
    }
  }
  testID="home-screen"
>
  <RCTScrollView
    collapsable={false}
    contentContainerStyle={
      {
        "paddingBottom": 130.96910434607,
      }
    }
    onScroll={[MockFunction]}
    scrollEventThrottle={16}
    showsVerticalScrollIndicator={false}
  >
    <View>
      <View
        paddingHorizontal={0}
        paddingVertical={0}
        preset="page"
        style={
          {
            "alignSelf": "center",
            "maxWidth": 640,
            "width": "70%",
          }
        }
      >
        <View
          paddingVertical={10.074546488159232}
        >
          <View
            collapsable={false}
            needsOffscreenAlphaCompositing={true}
            renderToHardwareTextureAndroid={true}
            style={
              {
                "backgroundColor": "#FFFFFF",
                "opacity": 1,
                "overflow": "visible",
                "transform": [
                  {
                    "scale": 1,
                  },
                ],
              }
            }
          >
            <View
              style={
                {
                  "alignItems": "center",
                  "justifyContent": "center",
                  "minHeight": 151.11819732238848,
                  "paddingHorizontal": 20.149092976318464,
                  "paddingVertical": 5.037273244079616,
                  "position": "relative",
                  "zIndex": 1,
                }
              }
            >
              <View
                style={
                  {
                    "alignItems": "center",
                    "paddingBottom": 0,
                    "paddingHorizontal": 12.593183110199039,
                    "paddingTop": 0,
                    "width": "100%",
                  }
                }
              >
                <View
                  collapsable={false}
                  style={
                    {
                      "opacity": 0,
                      "transform": [
                        {
                          "translateY": 0,
                        },
                      ],
                    }
                  }
                >
                  <View
                    style={
                      {
                        "alignItems": "center",
                      }
                    }
                  >
                    <View
                      gap={5.037273244079616}
                      style={
                        {
                          "alignItems": "center",
                        }
                      }
                    >
                      <Text
                        color="#DC2626"
                        fontWeight="900"
                        lines={1}
                        size={44}
                        style={
                          {
                            "color": "#DC2626",
                            "fontWeight": "900",
                          }
                        }
                        textAlign="center"
                      >
                        Rise Against
                      </Text>
                      <Text
                        color="#DC2626"
                        fontWeight="900"
                        lines={1}
                        size={44}
                        style={
                          {
                            "color": "#DC2626",
                            "fontWeight": "900",
                          }
                        }
                        textAlign="center"
                      >
                        Hunger
                         
                        <Text
                          color="#171717"
                          fontWeight="900"
                          lines={1}
                          size={44}
                        >
                          Italia
                        </Text>
                      </Text>
                      <View
                        style={
                          {
                            "alignItems": "center",
                            "flexDirection": "row",
                            "gap": 15.111819732238848,
                            "justifyContent": "center",
                            "marginBottom": 12.593183110199039,
                            "marginTop": 25.186366220398078,
                            "maxWidth": 402.98185952636925,
                            "width": "100%",
                          }
                        }
                      >
                        <View
                          style={
                            {
                              "backgroundColor": "#FECACA",
                              "borderRadius": 1.259318311019904,
                              "elevation": 1,
                              "flex": 1,
                              "height": 2.518636622039808,
                              "maxWidth": 130.96910434607003,
                              "minWidth": 60.44727892895539,
                              "shadowColor": "#000",
                              "shadowOffset": {
                                "height": 1,
                                "width": 0,
                              },
                              "shadowOpacity": 0.05,
                              "shadowRadius": 2,
                            }
                          }
                        />
                        <View
                          style={
                            {
                              "borderRadius": 0,
                              "height": 66.74387048405491,
                              "overflow": "hidden",
                              "width": 66.74387048405491,
                            }
                          }
                        >
                          <Image
                            accessibilityLabel="Logo Rise Against Hunger"
                            accessibilityRole="image"
                            resizeMode="cover"
                            source={
                              {
                                "testUri": "../../../assets/icons/app/splash-screen.png",
                              }
                            }
                            style={
                              {
                                "height": "100%",
                                "width": "100%",
                              }
                            }
                          />
                        </View>
                        <View
                          style={
                            {
                              "backgroundColor": "#FECACA",
                              "borderRadius": 1.259318311019904,
                              "elevation": 1,
                              "flex": 1,
                              "height": 2.518636622039808,
                              "maxWidth": 130.96910434607003,
                              "minWidth": 60.44727892895539,
                              "shadowColor": "#000",
                              "shadowOffset": {
                                "height": 1,
                                "width": 0,
                              },
                              "shadowOpacity": 0.05,
                              "shadowRadius": 2,
                            }
                          }
                        />
                      </View>
                    </View>
                  </View>
                </View>
              </View>
            </View>
            <View
              style={
                {
                  "alignItems": "center",
                  "height": 685.0691611948278,
                  "justifyContent": "flex-start",
                  "marginBottom": 10.074546488159232,
                  "marginTop": -40.29818595263693,
                  "paddingHorizontal": 20.149092976318464,
                  "width": "100%",
                }
              }
            >
              <View
                accessibilityLabel="Hero Rise Against Hunger"
                accessibilityRole="image"
                collapsable={false}
                needsOffscreenAlphaCompositing={true}
                renderToHardwareTextureAndroid={true}
                style={
                  {
                    "alignItems": "center",
                    "borderRadius": 24,
                    "opacity": 1,
                    "overflow": "hidden",
                    "transform": [
                      {
                        "translateY": 0,
                      },
                      {
                        "scale": 0,
                      },
                      {
                        "rotate": 0,
                      },
                    ],
                    "width": "100%",
                  }
                }
              >
                <View
                  style={
                    {
                      "borderRadius": 38.06118260328057,
                      "elevation": undefined,
                      "height": 685.7004905337741,
                      "overflow": "hidden",
                      "shadowColor": "#000",
                      "shadowOffset": {
                        "height": 2.518636622039808,
                        "width": 0,
                      },
                      "shadowOpacity": 0.08,
                      "shadowRadius": 5.037273244079616,
                      "width": 494.91209623082227,
                    }
                  }
                >
                  <Image
                    resizeMode="cover"
                    source={
                      {
                        "testUri": "../../../assets/images/hero-banner.png",
                      }
                    }
                    style={
                      {
                        "height": "100%",
                        "width": "100%",
                      }
                    }
                  />
                </View>
                <View
                  collapsable={false}
                  pointerEvents="none"
                  style={
                    {
                      "bottom": 0,
                      "left": 0,
                      "opacity": 0,
                      "position": "absolute",
                      "right": 0,
                      "top": 0,
                    }
                  }
                />
              </View>
            </View>
          </View>
        </View>
        <View
          marginHorizontal={0}
          padding={20.149092976318464}
        >
          <View
            alignItems="center"
            marginBottom={20.149092976318464}
            marginTop={5.037273244079616}
          >
            <Text
              accessibilityRole="header"
              color="#DC2626"
              fontWeight="900"
              lines={1}
              size={35}
              style={
                {
                  "textShadowColor": "rgba(255, 30, 0, 0.2)",
                  "textShadowOffset": {
                    "height": 3,
                    "width": 0,
                  },
                  "textShadowRadius": 8,
                }
              }
              testID="action-title"
              textAlign="center"
            >
              ⚡ Entra in Azione
            </Text>
          </View>
          <View
            accessibilityRole="summary"
            style={
              {
                "backgroundColor": "#FFFFFF",
                "borderColor": "#E5E5E5",
                "borderLeftColor": "#171717",
                "borderLeftWidth": 5.037273244079616,
                "borderRadius": 24,
                "borderWidth": 1.259318311019904,
                "marginBottom": 10.074546488159232,
                "marginTop": 20.149092976318464,
                "paddingHorizontal": 20.149092976318464,
                "paddingVertical": 20.149092976318464,
                "width": "100%",
              }
            }
            testID="action-description-card"
          >
            <Text
              accessibilityRole="text"
              color="#171717"
              lines={3}
              size={20}
              style={
                {
                  "fontWeight": "700",
                  "marginBottom": 5.037273244079616,
                  "textAlign": "center",
                }
              }
              testID="action-description-main"
            >
              Unisciti a noi nella lotta contro la fame nel mondo
            </Text>
            <View
              style={
                {
                  "alignSelf": "center",
                  "backgroundColor": "#F5F5F5",
                  "borderRadius": 9999,
                  "height": 2.518636622039808,
                  "marginVertical": 5.037273244079616,
                  "width": "65%",
                }
              }
            />
            <Text
              accessibilityRole="text"
              color="#525252"
              lines={3}
              size={16}
              style={
                {
                  "fontWeight": "400",
                  "lineHeight": 22.66772959835827,
                  "textAlign": "center",
                }
              }
              testID="action-description-sub"
            >
              Ogni azione conta per cambiare vite
            </Text>
          </View>
          <View
            flexDirection="row"
            gap={20.149092976318464}
            marginVertical={20.149092976318464}
            testID="home-cta-section"
          >
            <View
              accessibilityHint="Apre la sezione Impatto"
              accessibilityLabel="Scopri il nostro impatto"
              accessibilityRole="button"
              accessibilityState={
                {
                  "busy": undefined,
                  "checked": undefined,
                  "disabled": undefined,
                  "expanded": undefined,
                  "selected": undefined,
                }
              }
              accessibilityValue={
                {
                  "max": undefined,
                  "min": undefined,
                  "now": undefined,
                  "text": undefined,
                }
              }
              accessible={true}
              collapsable={false}
              focusable={true}
              hitSlop={
                {
                  "bottom": 8,
                  "left": 8,
                  "right": 8,
                  "top": 8,
                }
              }
              onClick={[Function]}
              onResponderGrant={[Function]}
              onResponderMove={[Function]}
              onResponderRelease={[Function]}
              onResponderTerminate={[Function]}
              onResponderTerminationRequest={[Function]}
              onStartShouldSetResponder={[Function]}
              style={
                {
                  "flex": 1,
                  "opacity": 1,
                }
              }
              testID="cta-impact"
            >
              <View
                colors={
                  [
                    "#DC2626",
                    "#B91C1C",
                  ]
                }
                end={
                  {
                    "x": 1,
                    "y": 1,
                  }
                }
                start={
                  {
                    "x": 0,
                    "y": 0,
                  }
                }
                style={
                  {
                    "borderRadius": 24,
                    "padding": 3.777954933059712,
                  }
                }
              >
                <View
                  style={
                    [
                      {
                        "alignItems": "center",
                        "backgroundColor": "#FFFFFF",
                        "borderRadius": 20.22204506694029,
                        "flex": 1,
                        "justifyContent": "space-between",
                        "minHeight": 132.2284226570899,
                        "paddingHorizontal": 10.074546488159232,
                        "paddingVertical": 10.074546488159232,
                      },
                      {
                        "paddingHorizontal": 15.111819732238848,
                      },
                    ]
                  }
                >
                  <Text
                    color="#DC2626"
                    size={30}
                  >
                    chart-line
                  </Text>
                  <Text
                    color="#DC2626"
                    lines={2}
                    size={22}
                    style={
                      {
                        "fontWeight": "700",
                        "marginVertical": 5.037273244079616,
                      }
                    }
                    testID="cta-impact-label"
                    textAlign="center"
                  >
                    Scopri Impatto
                  </Text>
                  <View
                    style={
                      [
                        {
                          "alignItems": "center",
                          "marginTop": 10.074546488159232,
                          "width": "100%",
                        },
                        {
                          "paddingHorizontal": 5.037273244079616,
                        },
                      ]
                    }
                  >
                    <View
                      style={
                        {
                          "backgroundColor": "#F5F5F5",
                          "borderRadius": 999,
                          "height": 1.888977466529856,
                          "marginBottom": 10.074546488159232,
                          "width": "70%",
                        }
                      }
                    />
                    <View
                      style={
                        {
                          "alignItems": "center",
                          "flexDirection": "row",
                          "gap": 5.037273244079616,
                          "justifyContent": "center",
                        }
                      }
                    >
                      <Text
                        color="#DC2626"
                        maxSize={24}
                        minSize={18}
                        size={20}
                      >
                        arrow-left
                      </Text>
                      <Text
                        color="#DC2626"
                        lines={1}
                        size={18}
                        style={
                          {
                            "fontWeight": "700",
                          }
                        }
                        testID="cta-impact-sub"
                        textAlign="center"
                      >
                        Risultati
                      </Text>
                    </View>
                  </View>
                </View>
              </View>
            </View>
            <View
              accessibilityHint="Apre la sezione Azioni"
              accessibilityLabel="Dona e aiuta"
              accessibilityRole="button"
              accessibilityState={
                {
                  "busy": undefined,
                  "checked": undefined,
                  "disabled": undefined,
                  "expanded": undefined,
                  "selected": undefined,
                }
              }
              accessibilityValue={
                {
                  "max": undefined,
                  "min": undefined,
                  "now": undefined,
                  "text": undefined,
                }
              }
              accessible={true}
              collapsable={false}
              focusable={true}
              hitSlop={
                {
                  "bottom": 8,
                  "left": 8,
                  "right": 8,
                  "top": 8,
                }
              }
              onClick={[Function]}
              onResponderGrant={[Function]}
              onResponderMove={[Function]}
              onResponderRelease={[Function]}
              onResponderTerminate={[Function]}
              onResponderTerminationRequest={[Function]}
              onStartShouldSetResponder={[Function]}
              style={
                {
                  "flex": 1,
                  "opacity": 1,
                }
              }
              testID="cta-donate"
            >
              <View
                colors={
                  [
                    "#059669",
                    "#10B981",
                    "#047857",
                  ]
                }
                end={
                  {
                    "x": 1,
                    "y": 1,
                  }
                }
                start={
                  {
                    "x": 0,
                    "y": 0,
                  }
                }
                style={
                  {
                    "borderRadius": 24,
                    "padding": 3.777954933059712,
                  }
                }
              >
                <View
                  style={
                    [
                      {
                        "alignItems": "center",
                        "backgroundColor": "#FFFFFF",
                        "borderRadius": 20.22204506694029,
                        "flex": 1,
                        "justifyContent": "space-between",
                        "minHeight": 132.2284226570899,
                        "paddingHorizontal": 10.074546488159232,
                        "paddingVertical": 10.074546488159232,
                      },
                      {
                        "paddingHorizontal": 15.111819732238848,
                      },
                    ]
                  }
                >
                  <Text
                    color="#10B981"
                    size={30}
                  >
                    hand-heart
                  </Text>
                  <Text
                    color="#10B981"
                    lines={2}
                    size={22}
                    style={
                      {
                        "fontWeight": "700",
                        "marginVertical": 5.037273244079616,
                      }
                    }
                    testID="cta-donate-label"
                    textAlign="center"
                  >
                    Dona e Aiuta
                  </Text>
                  <View
                    style={
                      [
                        {
                          "alignItems": "center",
                          "marginTop": 10.074546488159232,
                          "width": "100%",
                        },
                        {
                          "paddingHorizontal": 5.037273244079616,
                        },
                      ]
                    }
                  >
                    <View
                      style={
                        {
                          "backgroundColor": "#F5F5F5",
                          "borderRadius": 999,
                          "height": 1.888977466529856,
                          "marginBottom": 10.074546488159232,
                          "width": "70%",
                        }
                      }
                    />
                    <View
                      style={
                        {
                          "alignItems": "center",
                          "flexDirection": "row",
                          "gap": 5.037273244079616,
                          "justifyContent": "center",
                        }
                      }
                    >
                      <Text
                        color="#10B981"
                        lines={1}
                        size={18}
                        style={
                          {
                            "fontWeight": "700",
                          }
                        }
                        testID="cta-donate-sub"
                        textAlign="center"
                      >
                        Supporta
                      </Text>
                      <Text
                        color="#10B981"
                        maxSize={24}
                        minSize={18}
                        size={20}
                      >
                        arrow-right
                      </Text>
                    </View>
                  </View>
                </View>
              </View>
            </View>
          </View>
        </View>
      </View>
    </View>
  </RCTScrollView>
</View>
`;
